[config] tag=notte context=(0.85, 1.0) target=(0.15, 0.2) predictor_dim=96 workers=12
Tile di pre-training: 21968 da 2746 immagini (21968 item x 1 crop per decodifica)
Step per epoca: 171  (batch = 128 img x 1 = 128 tile)
vit_small: 22.11M parametri addestrabili
[iperparametri] lr=3.00e-05 ema=0.9996->1.0 predictor_dim=96
Precisione: torch.bfloat16 (GradScaler non necessario)
Riferimento (encoder casuale, pesi non addestrati):
  [k-NN probe] acc=0.7671 macroF1=0.7030  (costante: acc=0.6115 macroF1=0.2530) OK
Da battere: macro-F1 k-NN = 0.7030   (cancello: se a 40 epoche non e' superato, ci si ferma)
    ep000 step    0/171  loss=0.5525  21s
    ep000 step   25/171  loss=0.5473  28s
    ep000 step   50/171  loss=0.5255  36s
    ep000 step   75/171  loss=0.4989  44s
    ep000 step  100/171  loss=0.4716  52s
    ep000 step  125/171  loss=0.4490  61s
    ep000 step  150/171  loss=0.4283  69s
  [monitor] ep000 loss=0.4884 std=0.01152 rango=1.15 centrato=1.54 (1.00x l'iniziale)
            epoca in 74s   restano 299 epoche (~6.1 h)
    ep001 step    0/171  loss=0.4146  4s
    ep001 step   25/171  loss=0.4071  12s
    ep001 step   50/171  loss=0.3943  21s
    ep001 step   75/171  loss=0.3953  29s
    ep001 step  100/171  loss=0.3805  38s
    ep001 step  125/171  loss=0.3674  46s
    ep001 step  150/171  loss=0.3616  54s
  [monitor] ep001 loss=0.3872 std=0.01139 rango=1.15 centrato=1.54 (1.00x l'iniziale)
            epoca in 59s   restano 298 epoche (~4.9 h)
    ep002 step    0/171  loss=0.3578  5s
    ep002 step   25/171  loss=0.3477  13s
    ep002 step   50/171  loss=0.3391  21s
    ep002 step   75/171  loss=0.3378  29s
    ep002 step  100/171  loss=0.3312  38s
    ep002 step  125/171  loss=0.3242  46s
    ep002 step  150/171  loss=0.3147  54s
  [monitor] ep002 loss=0.3342 std=0.01138 rango=1.15 centrato=1.59 (1.03x l'iniziale)
            epoca in 60s   restano 297 epoche (~4.9 h)
    ep003 step    0/171  loss=0.3158  4s
    ep003 step   25/171  loss=0.2994  12s
    ep003 step   50/171  loss=0.2907  21s
    ep003 step   75/171  loss=0.2850  29s
    ep003 step  100/171  loss=0.2871  37s
    ep003 step  125/171  loss=0.2789  46s
    ep003 step  150/171  loss=0.2740  54s
  [monitor] ep003 loss=0.2878 std=0.01182 rango=1.16 centrato=1.59 (1.03x l'iniziale)
            epoca in 59s   restano 296 epoche (~4.9 h)
    ep004 step    0/171  loss=0.2703  5s
    ep004 step   25/171  loss=0.2639  13s
    ep004 step   50/171  loss=0.2482  21s
    ep004 step   75/171  loss=0.2395  29s
    ep004 step  100/171  loss=0.2368  37s
    ep004 step  125/171  loss=0.2363  46s
    ep004 step  150/171  loss=0.2255  54s
  [monitor] ep004 loss=0.2429 std=0.01179 rango=1.16 centrato=1.64 (1.06x l'iniziale)
            epoca in 59s   restano 295 epoche (~4.9 h)
    ep005 step    0/171  loss=0.2245  5s
    ep005 step   25/171  loss=0.2160  12s
    ep005 step   50/171  loss=0.2118  21s
    ep005 step   75/171  loss=0.1935  30s
    ep005 step  100/171  loss=0.1972  39s
    ep005 step  125/171  loss=0.1884  49s
    ep005 step  150/171  loss=0.1788  58s
  [monitor] ep005 loss=0.1976 std=0.01154 rango=1.15 centrato=1.60 (1.04x l'iniziale)
            epoca in 63s   restano 294 epoche (~5.1 h)
    ep006 step    0/171  loss=0.1706  5s
    ep006 step   25/171  loss=0.1665  13s
    ep006 step   50/171  loss=0.1675  22s
    ep006 step   75/171  loss=0.1620  31s
    ep006 step  100/171  loss=0.1502  40s
    ep006 step  125/171  loss=0.1468  49s
    ep006 step  150/171  loss=0.1487  58s
  [monitor] ep006 loss=0.1587 std=0.01219 rango=1.17 centrato=1.64 (1.06x l'iniziale)
            epoca in 64s   restano 293 epoche (~5.2 h)
    ep007 step    0/171  loss=0.1437  5s
    ep007 step   25/171  loss=0.1326  13s
    ep007 step   50/171  loss=0.1346  22s
    ep007 step   75/171  loss=0.1307  31s
    ep007 step  100/171  loss=0.1321  40s
    ep007 step  125/171  loss=0.1260  48s
    ep007 step  150/171  loss=0.1219  58s
  [monitor] ep007 loss=0.1264 std=0.01158 rango=1.15 centrato=1.62 (1.05x l'iniziale)
            epoca in 64s   restano 292 epoche (~5.2 h)
    ep008 step    0/171  loss=0.1138  5s
    ep008 step   25/171  loss=0.1084  14s
    ep008 step   50/171  loss=0.1061  23s
    ep008 step   75/171  loss=0.1107  32s
    ep008 step  100/171  loss=0.1036  42s
    ep008 step  125/171  loss=0.0975  51s
    ep008 step  150/171  loss=0.0949  61s
  [monitor] ep008 loss=0.1040 std=0.01217 rango=1.17 centrato=1.67 (1.08x l'iniziale)
            epoca in 66s   restano 291 epoche (~5.3 h)
    ep009 step    0/171  loss=0.1008  5s
    ep009 step   25/171  loss=0.0939  14s
    ep009 step   50/171  loss=0.0869  23s
    ep009 step   75/171  loss=0.0874  32s
    ep009 step  100/171  loss=0.0807  42s
    ep009 step  125/171  loss=0.0977  51s
    ep009 step  150/171  loss=0.0854  61s
  [k-NN probe] acc=0.7681 macroF1=0.7067  (costante: acc=0.6115 macroF1=0.2530) OK
  [monitor] ep009 loss=0.0881 std=0.01250 rango=1.18 centrato=1.68 (1.09x l'iniziale)
            epoca in 109s   restano 290 epoche (~8.8 h)
            [cancello] k-NN 0.7067 vs casuale 0.7030  -> +0.0037   miglior finora 0.7067
    ep010 step    0/171  loss=0.0876  4s
    ep010 step   25/171  loss=0.0873  13s
    ep010 step   50/171  loss=0.0757  22s
    ep010 step   75/171  loss=0.0831  31s
    ep010 step  100/171  loss=0.0742  40s
    ep010 step  125/171  loss=0.0728  50s
    ep010 step  150/171  loss=0.0778  59s
  [monitor] ep010 loss=0.0765 std=0.01243 rango=1.17 centrato=1.68 (1.09x l'iniziale)
            epoca in 64s   restano 289 epoche (~5.1 h)
    ep011 step    0/171  loss=0.0791  5s
    ep011 step   25/171  loss=0.0656  14s
    ep011 step   50/171  loss=0.0660  23s
    ep011 step   75/171  loss=0.0716  32s
    ep011 step  100/171  loss=0.0671  41s
    ep011 step  125/171  loss=0.0680  50s
    ep011 step  150/171  loss=0.0694  60s
  [monitor] ep011 loss=0.0679 std=0.01329 rango=1.20 centrato=1.68 (1.09x l'iniziale)
            epoca in 65s   restano 288 epoche (~5.2 h)
    ep012 step    0/171  loss=0.0558  5s
    ep012 step   25/171  loss=0.0581  14s
    ep012 step   50/171  loss=0.0622  23s
    ep012 step   75/171  loss=0.0546  33s
    ep012 step  100/171  loss=0.0604  42s
    ep012 step  125/171  loss=0.0581  52s
    ep012 step  150/171  loss=0.0540  61s
  [monitor] ep012 loss=0.0599 std=0.01316 rango=1.19 centrato=1.67 (1.09x l'iniziale)
            epoca in 67s   restano 287 epoche (~5.3 h)
    ep013 step    0/171  loss=0.0555  5s
    ep013 step   25/171  loss=0.0578  14s
    ep013 step   50/171  loss=0.0533  24s
    ep013 step   75/171  loss=0.0492  33s
    ep013 step  100/171  loss=0.0502  43s
    ep013 step  125/171  loss=0.0508  52s
    ep013 step  150/171  loss=0.0446  62s
  [monitor] ep013 loss=0.0530 std=0.01380 rango=1.21 centrato=1.74 (1.13x l'iniziale)
            epoca in 67s   restano 286 epoche (~5.3 h)
    ep014 step    0/171  loss=0.0508  5s
    ep014 step   25/171  loss=0.0571  14s
    ep014 step   50/171  loss=0.0456  24s
    ep014 step   75/171  loss=0.0408  33s
    ep014 step  100/171  loss=0.0452  43s
    ep014 step  125/171  loss=0.0477  52s
    ep014 step  150/171  loss=0.0419  62s
  [monitor] ep014 loss=0.0454 std=0.01458 rango=1.24 centrato=1.71 (1.11x l'iniziale)
            epoca in 67s   restano 285 epoche (~5.3 h)
    ep015 step    0/171  loss=0.0392  5s
    ep015 step   25/171  loss=0.0417  14s
    ep015 step   50/171  loss=0.0457  24s
    ep015 step   75/171  loss=0.0422  33s
    ep015 step  100/171  loss=0.0421  43s
    ep015 step  125/171  loss=0.0380  52s
    ep015 step  150/171  loss=0.0330  62s
  [monitor] ep015 loss=0.0388 std=0.01505 rango=1.25 centrato=1.80 (1.17x l'iniziale)
            epoca in 68s   restano 284 epoche (~5.3 h)
    ep016 step    0/171  loss=0.0427  6s
    ep016 step   25/171  loss=0.0408  15s
    ep016 step   50/171  loss=0.0340  24s
    ep016 step   75/171  loss=0.0336  34s
    ep016 step  100/171  loss=0.0314  44s
    ep016 step  125/171  loss=0.0299  54s
    ep016 step  150/171  loss=0.0261  64s
  [monitor] ep016 loss=0.0341 std=0.01492 rango=1.24 centrato=1.82 (1.18x l'iniziale)
            epoca in 69s   restano 283 epoche (~5.4 h)
    ep017 step    0/171  loss=0.0274  6s
    ep017 step   25/171  loss=0.0301  14s
    ep017 step   50/171  loss=0.0287  24s
    ep017 step   75/171  loss=0.0237  33s
    ep017 step  100/171  loss=0.0254  43s
    ep017 step  125/171  loss=0.0253  52s
    ep017 step  150/171  loss=0.0306  62s
  [monitor] ep017 loss=0.0292 std=0.01537 rango=1.26 centrato=1.82 (1.18x l'iniziale)
            epoca in 68s   restano 282 epoche (~5.3 h)
    ep018 step    0/171  loss=0.0235  6s
    ep018 step   25/171  loss=0.0222  15s
    ep018 step   50/171  loss=0.0259  24s
    ep018 step   75/171  loss=0.0255  33s
    ep018 step  100/171  loss=0.0252  42s
    ep018 step  125/171  loss=0.0245  52s
    ep018 step  150/171  loss=0.0243  61s
  [monitor] ep018 loss=0.0259 std=0.01565 rango=1.26 centrato=1.81 (1.17x l'iniziale)
            epoca in 67s   restano 281 epoche (~5.2 h)
    ep019 step    0/171  loss=0.0250  5s
    ep019 step   25/171  loss=0.0219  14s
    ep019 step   50/171  loss=0.0247  24s
    ep019 step   75/171  loss=0.0230  34s
    ep019 step  100/171  loss=0.0272  43s
    ep019 step  125/171  loss=0.0240  53s
    ep019 step  150/171  loss=0.0244  62s
  [k-NN probe] acc=0.7463 macroF1=0.6520  (costante: acc=0.6115 macroF1=0.2530) OK
  [monitor] ep019 loss=0.0239 std=0.01695 rango=1.31 centrato=1.88 (1.22x l'iniziale)
            epoca in 111s   restano 280 epoche (~8.6 h)
            [cancello] k-NN 0.6520 vs casuale 0.7030  -> -0.0510   miglior finora 0.7067
    ep020 step    0/171  loss=0.0235  5s
    ep020 step   25/171  loss=0.0202  13s
    ep020 step   50/171  loss=0.0230  23s
    ep020 step   75/171  loss=0.0194  32s
    ep020 step  100/171  loss=0.0209  41s
    ep020 step  125/171  loss=0.0192  51s
    ep020 step  150/171  loss=0.0179  60s
  [monitor] ep020 loss=0.0218 std=0.01662 rango=1.29 centrato=1.89 (1.23x l'iniziale)
            epoca in 65s   restano 279 epoche (~5.1 h)
    ep021 step    0/171  loss=0.0208  5s
    ep021 step   25/171  loss=0.0175  15s
    ep021 step   50/171  loss=0.0171  24s
    ep021 step   75/171  loss=0.0218  33s
    ep021 step  100/171  loss=0.0183  43s
    ep021 step  125/171  loss=0.0189  53s
    ep021 step  150/171  loss=0.0223  62s
  [monitor] ep021 loss=0.0204 std=0.01699 rango=1.31 centrato=1.94 (1.26x l'iniziale)
            epoca in 67s   restano 278 epoche (~5.2 h)
    ep022 step    0/171  loss=0.0203  5s
    ep022 step   25/171  loss=0.0210  14s
    ep022 step   50/171  loss=0.0185  24s
    ep022 step   75/171  loss=0.0174  33s
    ep022 step  100/171  loss=0.0170  42s
    ep022 step  125/171  loss=0.0178  52s
    ep022 step  150/171  loss=0.0184  61s
  [monitor] ep022 loss=0.0194 std=0.01788 rango=1.34 centrato=1.93 (1.25x l'iniziale)
            epoca in 67s   restano 277 epoche (~5.2 h)
    ep023 step    0/171  loss=0.0202  5s
    ep023 step   25/171  loss=0.0198  14s
    ep023 step   50/171  loss=0.0188  24s
    ep023 step   75/171  loss=0.0170  33s
    ep023 step  100/171  loss=0.0179  43s
    ep023 step  125/171  loss=0.0194  52s
    ep023 step  150/171  loss=0.0186  65s
  [monitor] ep023 loss=0.0187 std=0.01829 rango=1.35 centrato=1.98 (1.28x l'iniziale)
            epoca in 70s   restano 276 epoche (~5.4 h)
    ep024 step    0/171  loss=0.0168  6s
    ep024 step   25/171  loss=0.0191  14s
    ep024 step   50/171  loss=0.0204  24s
    ep024 step   75/171  loss=0.0201  33s
    ep024 step  100/171  loss=0.0181  43s
    ep024 step  125/171  loss=0.0172  53s
    ep024 step  150/171  loss=0.0157  62s
  [monitor] ep024 loss=0.0183 std=0.01801 rango=1.35 centrato=1.94 (1.26x l'iniziale)
            epoca in 67s   restano 275 epoche (~5.1 h)
    ep025 step    0/171  loss=0.0183  5s
    ep025 step   25/171  loss=0.0157  14s
    ep025 step   50/171  loss=0.0167  24s
    ep025 step   75/171  loss=0.0157  33s
    ep025 step  100/171  loss=0.0173  43s
    ep025 step  125/171  loss=0.0137  52s
    ep025 step  150/171  loss=0.0179  62s
  [monitor] ep025 loss=0.0174 std=0.01882 rango=1.38 centrato=2.01 (1.30x l'iniziale)
            epoca in 67s   restano 274 epoche (~5.1 h)
    ep026 step    0/171  loss=0.0193  5s
    ep026 step   25/171  loss=0.0190  14s
    ep026 step   50/171  loss=0.0171  24s
    ep026 step   75/171  loss=0.0170  33s
    ep026 step  100/171  loss=0.0195  42s
    ep026 step  125/171  loss=0.0190  52s
    ep026 step  150/171  loss=0.0221  61s
  [monitor] ep026 loss=0.0171 std=0.01951 rango=1.41 centrato=2.09 (1.36x l'iniziale)
            epoca in 67s   restano 273 epoche (~5.1 h)
    ep027 step    0/171  loss=0.0142  5s
    ep027 step   25/171  loss=0.0191  14s
    ep027 step   50/171  loss=0.0187  24s
    ep027 step   75/171  loss=0.0191  33s
    ep027 step  100/171  loss=0.0174  43s
    ep027 step  125/171  loss=0.0162  53s
    ep027 step  150/171  loss=0.0174  62s
  [monitor] ep027 loss=0.0176 std=0.01906 rango=1.38 centrato=2.11 (1.37x l'iniziale)
            epoca in 68s   restano 272 epoche (~5.1 h)
    ep028 step    0/171  loss=0.0178  5s
    ep028 step   25/171  loss=0.0177  14s
    ep028 step   50/171  loss=0.0139  24s
    ep028 step   75/171  loss=0.0175  33s
    ep028 step  100/171  loss=0.0185  43s
    ep028 step  125/171  loss=0.0219  53s
    ep028 step  150/171  loss=0.0203  63s
  [monitor] ep028 loss=0.0169 std=0.01965 rango=1.41 centrato=2.12 (1.38x l'iniziale)
            epoca in 68s   restano 271 epoche (~5.1 h)
    ep029 step    0/171  loss=0.0168  5s
    ep029 step   25/171  loss=0.0172  14s
    ep029 step   50/171  loss=0.0186  24s
    ep029 step   75/171  loss=0.0177  33s
    ep029 step  100/171  loss=0.0200  42s
    ep029 step  125/171  loss=0.0181  52s
    ep029 step  150/171  loss=0.0152  61s
  [k-NN probe] acc=0.7106 macroF1=0.5548  (costante: acc=0.6115 macroF1=0.2530) OK
  [monitor] ep029 loss=0.0173 std=0.01964 rango=1.41 centrato=2.19 (1.42x l'iniziale)
            epoca in 110s   restano 270 epoche (~8.3 h)
            [cancello] k-NN 0.5548 vs casuale 0.7030  -> -0.1482   miglior finora 0.7067
    ep030 step    0/171  loss=0.0171  5s
    ep030 step   25/171  loss=0.0164  14s
    ep030 step   50/171  loss=0.0161  23s
    ep030 step   75/171  loss=0.0185  33s
    ep030 step  100/171  loss=0.0189  42s
    ep030 step  125/171  loss=0.0163  51s
    ep030 step  150/171  loss=0.0163  60s
  [monitor] ep030 loss=0.0173 std=0.02036 rango=1.44 centrato=2.27 (1.47x l'iniziale)
            epoca in 66s   restano 269 epoche (~4.9 h)
    ep031 step    0/171  loss=0.0186  5s
    ep031 step   25/171  loss=0.0186  14s
    ep031 step   50/171  loss=0.0170  23s
    ep031 step   75/171  loss=0.0157  33s
    ep031 step  100/171  loss=0.0155  42s
    ep031 step  125/171  loss=0.0191  52s
    ep031 step  150/171  loss=0.0171  61s
  [monitor] ep031 loss=0.0170 std=0.02084 rango=1.47 centrato=2.24 (1.45x l'iniziale)
            epoca in 67s   restano 268 epoche (~5.0 h)
    ep032 step    0/171  loss=0.0150  5s
    ep032 step   25/171  loss=0.0181  14s
    ep032 step   50/171  loss=0.0179  24s
    ep032 step   75/171  loss=0.0187  33s
    ep032 step  100/171  loss=0.0148  42s
    ep032 step  125/171  loss=0.0171  52s
    ep032 step  150/171  loss=0.0153  61s
  [monitor] ep032 loss=0.0171 std=0.02099 rango=1.47 centrato=2.32 (1.51x l'iniziale)
            epoca in 67s   restano 267 epoche (~5.0 h)
    ep033 step    0/171  loss=0.0182  5s
    ep033 step   25/171  loss=0.0159  14s
    ep033 step   50/171  loss=0.0165  23s
    ep033 step   75/171  loss=0.0223  33s
    ep033 step  100/171  loss=0.0208  42s
    ep033 step  125/171  loss=0.0167  51s
    ep033 step  150/171  loss=0.0171  61s
  [monitor] ep033 loss=0.0176 std=0.02190 rango=1.51 centrato=2.30 (1.50x l'iniziale)
            epoca in 67s   restano 266 epoche (~4.9 h)
    ep034 step    0/171  loss=0.0183  5s
    ep034 step   25/171  loss=0.0146  14s
    ep034 step   50/171  loss=0.0162  24s
    ep034 step   75/171  loss=0.0167  33s
    ep034 step  100/171  loss=0.0201  43s
    ep034 step  125/171  loss=0.0164  52s
    ep034 step  150/171  loss=0.0152  62s
  [monitor] ep034 loss=0.0173 std=0.02243 rango=1.54 centrato=2.40 (1.56x l'iniziale)
            epoca in 67s   restano 265 epoche (~5.0 h)
    ep035 step    0/171  loss=0.0187  5s
    ep035 step   25/171  loss=0.0161  14s
    ep035 step   50/171  loss=0.0193  24s
    ep035 step   75/171  loss=0.0207  34s
    ep035 step  100/171  loss=0.0215  44s
    ep035 step  125/171  loss=0.0195  53s
    ep035 step  150/171  loss=0.0163  62s
  [monitor] ep035 loss=0.0177 std=0.02289 rango=1.57 centrato=2.39 (1.55x l'iniziale)
            epoca in 68s   restano 264 epoche (~5.0 h)
    ep036 step    0/171  loss=0.0167  5s
    ep036 step   25/171  loss=0.0194  14s
    ep036 step   50/171  loss=0.0156  24s
    ep036 step   75/171  loss=0.0184  33s
    ep036 step  100/171  loss=0.0184  42s
    ep036 step  125/171  loss=0.0196  52s
    ep036 step  150/171  loss=0.0166  61s
  [monitor] ep036 loss=0.0182 std=0.02373 rango=1.63 centrato=2.39 (1.55x l'iniziale)
            epoca in 67s   restano 263 epoche (~4.9 h)
    ep037 step    0/171  loss=0.0201  5s
    ep037 step   25/171  loss=0.0318  15s
    ep037 step   50/171  loss=0.0158  24s
    ep037 step   75/171  loss=0.0206  33s
    ep037 step  100/171  loss=0.0188  43s
    ep037 step  125/171  loss=0.0237  52s
    ep037 step  150/171  loss=0.0223  62s
  [monitor] ep037 loss=0.0191 std=0.02345 rango=1.60 centrato=2.57 (1.67x l'iniziale)
            epoca in 68s   restano 262 epoche (~4.9 h)
    ep038 step    0/171  loss=0.0160  5s
    ep038 step   25/171  loss=0.0148  15s
    ep038 step   50/171  loss=0.0175  24s
    ep038 step   75/171  loss=0.0199  34s
    ep038 step  100/171  loss=0.0198  44s
    ep038 step  125/171  loss=0.0196  53s
    ep038 step  150/171  loss=0.0189  63s
  [monitor] ep038 loss=0.0187 std=0.02502 rango=1.70 centrato=2.51 (1.63x l'iniziale)
            epoca in 68s   restano 261 epoche (~4.9 h)
    ep039 step    0/171  loss=0.0178  5s
    ep039 step   25/171  loss=0.0229  14s
    ep039 step   50/171  loss=0.0175  23s
    ep039 step   75/171  loss=0.0181  33s
    ep039 step  100/171  loss=0.0193  42s
    ep039 step  125/171  loss=0.0189  52s
    ep039 step  150/171  loss=0.0198  61s
  [k-NN probe] acc=0.6452 macroF1=0.4280  (costante: acc=0.6115 macroF1=0.2530) OK
  [monitor] ep039 loss=0.0189 std=0.02432 rango=1.66 centrato=2.63 (1.71x l'iniziale)
            epoca in 110s   restano 260 epoche (~7.9 h)
            [cancello] k-NN 0.4280 vs casuale 0.7030  -> -0.2750   miglior finora 0.7067
    ep040 step    0/171  loss=0.0188  5s
    ep040 step   25/171  loss=0.0212  13s
    ep040 step   50/171  loss=0.0178  23s
    ep040 step   75/171  loss=0.0169  32s
    ep040 step  100/171  loss=0.0178  42s
    ep040 step  125/171  loss=0.0197  51s
    ep040 step  150/171  loss=0.0253  60s
  [monitor] ep040 loss=0.0199 std=0.02510 rango=1.71 centrato=2.69 (1.74x l'iniziale)
            epoca in 66s   restano 259 epoche (~4.7 h)
    ep041 step    0/171  loss=0.0196  5s
    ep041 step   25/171  loss=0.0196  14s
