============================================================================================================
TABELLA COMPLETA - ricalcolata da runs/results_*.json
============================================================================================================
braccio   metodo           testa             macroF1  F1 PAI3  F1 PAI4  F1 PAI5    rec5   prec5   kappa
ijepa     none             flat       0.5069+-0.0116    0.790    0.312    0.419  0.3696   0.491  0.3967
ijepa     none             ordinal    0.5216+-0.0135    0.788    0.365    0.411  0.3214   0.573  0.4428
ijepa     class_weighted   flat       0.5302+-0.0060    0.731    0.393    0.467  0.5696   0.396  0.4144
ijepa     class_weighted   ordinal    0.5301+-0.0118    0.669    0.411    0.510  0.5482   0.479  0.4242
ijepa     focal            flat       0.5130+-0.0090    0.705    0.388    0.446  0.5786   0.367  0.3967
ijepa     focal            ordinal    0.5301+-0.0118    0.669    0.411    0.510  0.5482   0.479  0.4242
ijepa     oversample       flat       0.5164+-0.0104    0.727    0.379    0.443  0.5321   0.383  0.4139
ijepa     oversample       ordinal    0.5199+-0.0123    0.677    0.396    0.487  0.5036   0.475  0.4125
ijepa     latent_smote     flat       0.5339+-0.0038    0.733    0.405    0.465  0.5464   0.406  0.4213
ijepa     latent_smote     ordinal    0.5170+-0.0130    0.694    0.402    0.454  0.4429   0.472  0.4064
ijepa     balanced_tokens  flat       0.5279+-0.0092    0.736    0.379    0.469  0.5036   0.439  0.4203
ijepa     balanced_tokens  ordinal    0.5372+-0.0105    0.726    0.415    0.471  0.4286   0.523  0.4430
imagenet  none             flat       0.6914+-0.0175    0.855    0.542    0.678  0.6679   0.690  0.7057
imagenet  none             ordinal    0.6585+-0.0184    0.852    0.485    0.639  0.6357   0.644  0.6800
imagenet  class_weighted   flat       0.7068+-0.0093    0.852    0.566    0.702  0.6893   0.722  0.7240
imagenet  class_weighted   ordinal    0.6813+-0.0162    0.856    0.501    0.688  0.7054   0.673  0.7089
imagenet  focal            flat       0.7121+-0.0107    0.858    0.579    0.699  0.6946   0.708  0.7316
imagenet  focal            ordinal    0.6813+-0.0162    0.856    0.501    0.688  0.7054   0.673  0.7089
imagenet  oversample       flat       0.6910+-0.0185    0.843    0.539    0.691  0.6839   0.704  0.7070
imagenet  oversample       ordinal    0.6806+-0.0287    0.858    0.499    0.684  0.6964   0.674  0.7016
imagenet  latent_smote     flat       0.6992+-0.0162    0.853    0.549    0.695  0.6946   0.700  0.7100
imagenet  latent_smote     ordinal    0.6613+-0.0107    0.847    0.501    0.636  0.6500   0.629  0.6763
imagenet  balanced_tokens  flat       0.7013+-0.0218    0.855    0.552    0.697  0.6911   0.710  0.7215
imagenet  balanced_tokens  ordinal    0.6729+-0.0087    0.852    0.504    0.663  0.6821   0.646  0.7010
random    none             flat       0.5356+-0.0171    0.785    0.367    0.455  0.4036   0.523  0.4589
random    none             ordinal    0.5500+-0.0212    0.781    0.414    0.455  0.3929   0.550  0.4957
random    class_weighted   flat       0.5166+-0.0227    0.744    0.401    0.404  0.4357   0.382  0.4033
random    class_weighted   ordinal    0.5284+-0.0126    0.718    0.410    0.457  0.4643   0.451  0.4649
random    focal            flat       0.4989+-0.0113    0.727    0.357    0.412  0.5732   0.323  0.3996
random    focal            ordinal    0.5284+-0.0126    0.718    0.410    0.457  0.4643   0.451  0.4649
random    oversample       flat       0.5149+-0.0246    0.746    0.374    0.425  0.5464   0.349  0.4302
random    oversample       ordinal    0.5348+-0.0076    0.756    0.399    0.450  0.5036   0.409  0.4643
random    latent_smote     flat       0.5274+-0.0177    0.765    0.383    0.435  0.5411   0.366  0.4539
random    latent_smote     ordinal    0.5382+-0.0075    0.771    0.419    0.425  0.4054   0.456  0.4953
random    balanced_tokens  flat       0.5339+-0.0146    0.769    0.412    0.421  0.4071   0.452  0.4608
random    balanced_tokens  ordinal    0.5352+-0.0224    0.750    0.412    0.444  0.4232   0.477  0.4839

============================================================================================================
PAVIMENTI (ricalcolati sul test split)
============================================================================================================
  lesioni nel test        : 1013
  quota maggioritaria (q) : 0.6347   <- e' l'ACCURACY di un modello costante
  macro-F1 di quel modello: 0.2589   <- 2q/(1+q)/3
  Confrontare la macro-F1 con q invece che con questo valore e' l'errore
  che faceva dichiarare 'al livello del caso' un encoder che imparava.

============================================================================================================
CRITERIO: stessa resa su PAI 3 e 4, migliore su PAI 5 - [ijepa] contro CE semplice (none/flat)
============================================================================================================
Riferimento: ijepa / none / flat
  macroF1=0.5069  F1 PAI3=0.789595426503719  F1 PAI4=0.3119253205380326  F1 PAI5=0.4193244378363509  recall PAI5=0.3696

Candidati che soddisfano il criterio (tolleranza 1 dev.std sul riferimento):
  NESSUNO. Nessuna configurazione alza PAI 5 senza perdere su PAI 3 o 4.
  Non arrotondate questo in 'risultati promettenti': e' un no.

============================================================================================================
CRITERIO: stessa resa su PAI 3 e 4, migliore su PAI 5 - [imagenet] contro CE semplice (none/flat)
============================================================================================================
Riferimento: imagenet / none / flat
  macroF1=0.6914  F1 PAI3=0.8548440487462632  F1 PAI4=0.5415417702276398  F1 PAI5=0.6778705529098025  recall PAI5=0.6679

Candidati che soddisfano il criterio (tolleranza 1 dev.std sul riferimento):
  imagenet/class_weighted/flat: recall PAI5 0.6893 (+0.0214, ~0.8 err.std)  F1 3/4 = 0.852/0.566
  imagenet/focal/flat: recall PAI5 0.6946 (+0.0268, ~0.9 err.std)  F1 3/4 = 0.858/0.579
  imagenet/latent_smote/flat: recall PAI5 0.6946 (+0.0268, ~1.7 err.std)  F1 3/4 = 0.853/0.549
  imagenet/balanced_tokens/flat: recall PAI5 0.6911 (+0.0232, ~0.9 err.std)  F1 3/4 = 0.855/0.552

============================================================================================================
CRITERIO: stessa resa su PAI 3 e 4, migliore su PAI 5 - [random] contro CE semplice (none/flat)
============================================================================================================
Riferimento: random / none / flat
  macroF1=0.5356  F1 PAI3=0.7847785336224578  F1 PAI4=0.36721486726203706  F1 PAI5=0.4548093144302022  recall PAI5=0.4036

Candidati che soddisfano il criterio (tolleranza 1 dev.std sul riferimento):
  NESSUNO. Nessuna configurazione alza PAI 5 senza perdere su PAI 3 o 4.
  Non arrotondate questo in 'risultati promettenti': e' un no.

============================================================================================================
CRITERIO: stessa resa su PAI 3 e 4, migliore su PAI 5 - contro la riga migliore in assoluto
============================================================================================================
Riferimento: imagenet / focal / flat
  macroF1=0.7121  F1 PAI3=0.858497554611913  F1 PAI4=0.5790477190155723  F1 PAI5=0.6987180469947883  recall PAI5=0.6946

Candidati che soddisfano il criterio (tolleranza 1 dev.std sul riferimento):
  NESSUNO. Nessuna configurazione alza PAI 5 senza perdere su PAI 3 o 4.
  Non arrotondate questo in 'risultati promettenti': e' un no.
