Tile di pre-training: 10984 da 2746 immagini
Step per epoca: 85
vit_small: 22.11M parametri addestrabili
Precisione: torch.bfloat16 (GradScaler non necessario)
    ep000 step    0/85  loss=17.1414  16s
    ep000 step   25/85  loss=16.7733  24s
    ep000 step   50/85  loss=15.5825  34s
    ep000 step   75/85  loss=11.5956  43s
  [monitor] ep000 loss=15.3042 std=0.01166 rango=1/280 (0% del sano)   <-- COLLASSO
            epoca in 46s   restano 19 epoche (~0.2 h)
    ep001 step    0/85  loss=9.8131  4s
    ep001 step   25/85  loss=7.2706  13s
    ep001 step   50/85  loss=4.9122  23s
    ep001 step   75/85  loss=4.0429  34s
  [monitor] ep001 loss=6.3953 std=0.01184 rango=1/280 (0% del sano)   <-- COLLASSO
            epoca in 37s   restano 18 epoche (~0.2 h)
    ep002 step    0/85  loss=3.8324  4s
    ep002 step   25/85  loss=4.0631  14s
    ep002 step   50/85  loss=4.0793  25s
    ep002 step   75/85  loss=2.9283  35s
  [monitor] ep002 loss=3.7612 std=0.01369 rango=1/280 (0% del sano)   <-- COLLASSO
            epoca in 39s   restano 17 epoche (~0.2 h)
    ep003 step    0/85  loss=2.7793  4s
    ep003 step   25/85  loss=2.4079  15s
    ep003 step   50/85  loss=1.8319  26s
    ep003 step   75/85  loss=1.8301  37s
  [monitor] ep003 loss=2.3632 std=0.01624 rango=1/280 (0% del sano)   <-- COLLASSO
            epoca in 40s   restano 16 epoche (~0.2 h)
    ep004 step    0/85  loss=1.9710  4s
    ep004 step   25/85  loss=1.6661  15s
    ep004 step   50/85  loss=1.9357  26s
    ep004 step   75/85  loss=1.3708  38s
  [monitor] ep004 loss=1.7150 std=0.01836 rango=1/280 (0% del sano)   <-- COLLASSO
            epoca in 41s   restano 15 epoche (~0.2 h)
    ep005 step    0/85  loss=1.4609  4s
    ep005 step   25/85  loss=1.6238  16s
    ep005 step   50/85  loss=1.5205  27s
    ep005 step   75/85  loss=1.4759  39s
  [monitor] ep005 loss=1.3944 std=0.02096 rango=2/280 (1% del sano)   <-- COLLASSO
            epoca in 42s   restano 14 epoche (~0.2 h)
    ep006 step    0/85  loss=1.2621  4s
    ep006 step   25/85  loss=1.2267  16s
    ep006 step   50/85  loss=1.8034  28s
    ep006 step   75/85  loss=1.0214  40s
  [monitor] ep006 loss=1.2219 std=0.02354 rango=2/280 (1% del sano)   <-- COLLASSO
            epoca in 44s   restano 13 epoche (~0.2 h)
    ep007 step    0/85  loss=1.1727  5s
    ep007 step   25/85  loss=1.0221  17s
    ep007 step   50/85  loss=1.5426  29s
    ep007 step   75/85  loss=1.8568  41s
  [monitor] ep007 loss=1.1469 std=0.02560 rango=2/280 (1% del sano)   <-- COLLASSO
            epoca in 45s   restano 12 epoche (~0.1 h)
    ep008 step    0/85  loss=1.0256  5s
    ep008 step   25/85  loss=1.2083  16s
    ep008 step   50/85  loss=0.9796  29s
    ep008 step   75/85  loss=1.0210  43s
  [monitor] ep008 loss=1.1369 std=0.02866 rango=2/280 (1% del sano)   <-- COLLASSO
            epoca in 46s   restano 11 epoche (~0.1 h)
    ep009 step    0/85  loss=1.2155  4s
    ep009 step   25/85  loss=1.0485  17s
    ep009 step   50/85  loss=0.8808  30s
    ep009 step   75/85  loss=1.1023  43s
  [monitor] ep009 loss=1.0457 std=0.03110 rango=2/280 (1% del sano)   <-- COLLASSO
            epoca in 47s   restano 10 epoche (~0.1 h)
    ep010 step    0/85  loss=0.9584  5s
    ep010 step   25/85  loss=1.2900  17s
    ep010 step   50/85  loss=1.0895  30s
    ep010 step   75/85  loss=1.1889  43s
  [monitor] ep010 loss=1.0959 std=0.03396 rango=3/280 (1% del sano)   <-- COLLASSO
            epoca in 47s   restano 9 epoche (~0.1 h)
    ep011 step    0/85  loss=1.1426  4s
    ep011 step   25/85  loss=1.3393  17s
    ep011 step   50/85  loss=1.0385  29s
    ep011 step   75/85  loss=0.9375  42s
  [monitor] ep011 loss=1.0280 std=0.03630 rango=3/280 (1% del sano)   <-- COLLASSO
            epoca in 46s   restano 8 epoche (~0.1 h)
    ep012 step    0/85  loss=1.0324  4s
    ep012 step   25/85  loss=1.2276  17s
    ep012 step   50/85  loss=0.9291  30s
    ep012 step   75/85  loss=0.7871  42s
  [monitor] ep012 loss=1.0084 std=0.03782 rango=3/280 (1% del sano)   <-- COLLASSO
            epoca in 46s   restano 7 epoche (~0.1 h)
    ep013 step    0/85  loss=1.0942  4s
    ep013 step   25/85  loss=0.8218  17s
    ep013 step   50/85  loss=1.0395  30s
    ep013 step   75/85  loss=0.8677  43s
  [monitor] ep013 loss=0.9670 std=0.03913 rango=4/280 (1% del sano)   <-- COLLASSO
            epoca in 46s   restano 6 epoche (~0.1 h)
    ep014 step    0/85  loss=0.8883  4s
    ep014 step   25/85  loss=1.1720  17s
    ep014 step   50/85  loss=1.2732  29s
    ep014 step   75/85  loss=0.9253  43s
  [monitor] ep014 loss=0.9479 std=0.04062 rango=4/280 (1% del sano)   <-- COLLASSO
            epoca in 46s   restano 5 epoche (~0.1 h)
    ep015 step    0/85  loss=0.9303  5s
    ep015 step   25/85  loss=1.0989  17s
    ep015 step   50/85  loss=1.1272  29s
    ep015 step   75/85  loss=0.8336  42s
  [monitor] ep015 loss=0.8909 std=0.04031 rango=4/280 (1% del sano)   <-- COLLASSO
            epoca in 46s   restano 4 epoche (~0.1 h)

  COLLASSO RILEVATO. Non insistete: cambiate qualcosa.
  Ordine di intervento suggerito:
   1. abbassare il learning rate (fattore 3)
   2. alzare SSL_EMA_START verso 0.999
   3. ridurre la capacita' del predictor (e' troppo forte)
   4. passare al braccio SIGReg (network.sigreg_loss)

Figura monitoraggio: ./runs\figures\ijepa_vit_small_monitor.png
Checkpoint: ./runs\checkpoints/ijepa_vit_small.pt
