[config] tag=base context=(0.85, 1.0) target=(0.15, 0.2) sigreg_lambda=1.0 predictor_dim=96 workers=8
Tile di pre-training: 21968 da 2746 immagini (5492 item x 4 crop per decodifica)
Step per epoca: 343  (batch = 16 img x 4 = 64 tile)
vit_small: 22.11M parametri addestrabili
Precisione: torch.bfloat16 (GradScaler non necessario)
    ep000 step    0/343  loss=9.2246  16s
    ep000 step   25/343  loss=8.3063  19s
    ep000 step   50/343  loss=7.9363  22s
    ep000 step   75/343  loss=7.4885  26s
    ep000 step  100/343  loss=6.6407  29s
    ep000 step  125/343  loss=5.7222  33s
    ep000 step  150/343  loss=3.5413  37s
    ep000 step  175/343  loss=3.3631  41s
    ep000 step  200/343  loss=3.0381  45s
    ep000 step  225/343  loss=2.9793  51s
    ep000 step  250/343  loss=2.4296  58s
    ep000 step  275/343  loss=2.0134  65s
    ep000 step  300/343  loss=2.0443  73s
    ep000 step  325/343  loss=2.1416  82s
  [monitor] ep000 loss=4.6818 std=0.01167 rango=1/280 (0% del sano)   <-- COLLASSO
            epoca in 87s   restano 119 epoche (~2.9 h)
    ep001 step    0/343  loss=1.8547  3s
    ep001 step   25/343  loss=1.6110  12s
    ep001 step   50/343  loss=1.3888  21s
