[config] tag=hardctx context=(0.7, 0.9) target=(0.15, 0.2) sigreg_lambda=1.0 predictor_dim=96 workers=8
Tile di pre-training: 21968 da 2746 immagini (5492 item x 4 crop per decodifica)
Step per epoca: 343  (batch = 16 img x 4 = 64 tile)
vit_small: 22.11M parametri addestrabili
Precisione: torch.bfloat16 (GradScaler non necessario)
    ep000 step    0/343  loss=9.3416  28s
    ep000 step   25/343  loss=8.4419  36s
    ep000 step   50/343  loss=7.7173  43s
    ep000 step   75/343  loss=7.9414  51s
    ep000 step  100/343  loss=6.8208  61s
    ep000 step  125/343  loss=5.7870  70s
    ep000 step  150/343  loss=3.8625  78s
    ep000 step  175/343  loss=3.6558  87s
    ep000 step  200/343  loss=3.0311  94s
    ep000 step  225/343  loss=3.1263  100s
    ep000 step  250/343  loss=2.5180  105s
    ep000 step  275/343  loss=2.1598  110s
    ep000 step  300/343  loss=2.3636  115s
    ep000 step  325/343  loss=2.2289  120s
  [monitor] ep000 loss=4.7864 std=0.01167 rango=1/280 (0% del sano)   <-- COLLASSO
            epoca in 122s   restano 119 epoche (~4.0 h)
    ep001 step    0/343  loss=1.8465  2s
    ep001 step   25/343  loss=1.6505  9s
    ep001 step   50/343  loss=1.4306  17s
    ep001 step   75/343  loss=1.3853  25s
    ep001 step  100/343  loss=1.6289  33s
    ep001 step  125/343  loss=1.3181  41s
    ep001 step  150/343  loss=1.0349  49s
    ep001 step  175/343  loss=1.1879  58s
    ep001 step  200/343  loss=1.3388  66s
    ep001 step  225/343  loss=1.1322  75s
    ep001 step  250/343  loss=1.1140  84s
    ep001 step  275/343  loss=1.5194  93s
    ep001 step  300/343  loss=0.8966  103s
    ep001 step  325/343  loss=0.9252  112s
  [monitor] ep001 loss=1.3128 std=0.01763 rango=1/280 (0% del sano)   <-- COLLASSO
            epoca in 117s   restano 118 epoche (~3.8 h)
    ep002 step    0/343  loss=0.7716  5s
    ep002 step   25/343  loss=0.9405  15s
    ep002 step   50/343  loss=0.8367  23s
    ep002 step   75/343  loss=0.7961  31s
    ep002 step  100/343  loss=0.9259  40s
    ep002 step  125/343  loss=0.8498  49s
    ep002 step  150/343  loss=0.6426  57s
    ep002 step  175/343  loss=0.7196  65s
    ep002 step  200/343  loss=0.9836  74s
    ep002 step  225/343  loss=0.8791  82s
    ep002 step  250/343  loss=0.9117  91s
    ep002 step  275/343  loss=0.9604  99s
