tetto      : 95 W, 86 C
a riposo   : 24 W, 63 C, clock 1500 MHz
registro   : runs\consumi_20260828_155102.csv
comando    : .venv\Scripts\python.exe exp_fewshot.py --tag _casuale _geo_finale --protocolli P1_bbox P3_K16 --head flat
----------------------------------------------------------------------
[freno] Freno(carico=100%, run 1.00x piu' lungo)
testa flat, 5 seed, train sottocampionato STRATIFICATO, validation e test interi

Riprendo: 20 celle su disco

==============================================================================
P1_bbox
==============================================================================
 etichette  n train                 _casuale              _geo_finale   divario       z
----------------------------------------------------------------------------------------
       1%       47    0.7491+-0.0276 (0.852)    0.6270+-0.0401 (0.672)   -0.1221   -5.61
       5%      236    0.7574+-0.0063 (0.854)    0.7220+-0.0179 (0.793)   -0.0354   -4.17
      10%      472    0.7705+-0.0058 (0.854)    0.7348+-0.0094 (0.829)   -0.0357   -7.26
      25%     1179    0.7734+-0.0077 (0.871)    0.7542+-0.0048 (0.861)   -0.0191   -4.73
     100%     4719    0.7565+-0.0090 (0.868)    0.7663+-0.0082 (0.879)   +0.0098   +1.81

==============================================================================
P3_K16
==============================================================================
 etichette  n train                 _casuale              _geo_finale   divario       z
----------------------------------------------------------------------------------------
       1%       47    0.3195+-0.0469 (0.201)    0.3874+-0.0262 (0.176)   +0.0679   +2.83
       5%      236    0.4255+-0.0382 (0.264)    0.4455+-0.0101 (0.284)   +0.0200   +1.13
      10%      472    0.4346+-0.0335 (0.278)    0.4718+-0.0262 (0.271)   +0.0372   +1.95
      25%     1179    0.4609+-0.0184 (0.316)    0.5098+-0.0156 (0.383)   +0.0490   +4.54
     100%     4719    0.5347+-0.0087 (0.422)    0.5689+-0.0189 (0.471)   +0.0341   +3.67

==============================================================================
IL DIVARIO AL CALARE DELLE ETICHETTE
==============================================================================

P1_bbox
     1% macro-F1   -0.1221 ( -16.3%)  z = -5.61
     1% PR-AUC5    -0.1794 ( -21.1%)  z = -4.10
     5% macro-F1   -0.0354 (  -4.7%)  z = -4.17
     5% PR-AUC5    -0.0613 (  -7.2%)  z = -3.38
    10% macro-F1   -0.0357 (  -4.6%)  z = -7.26
    10% PR-AUC5    -0.0258 (  -3.0%)  z = -2.42
    25% macro-F1   -0.0191 (  -2.5%)  z = -4.73
    25% PR-AUC5    -0.0101 (  -1.2%)  z = -2.55
   100% macro-F1   +0.0098 (  +1.3%)  z = +1.81
   100% PR-AUC5    +0.0110 (  +1.3%)  z = +2.82

P3_K16
     1% macro-F1   +0.0679 ( +21.2%)  z = +2.83
     1% PR-AUC5    -0.0250 ( -12.4%)  z = -1.07
     5% macro-F1   +0.0200 (  +4.7%)  z = +1.13
     5% PR-AUC5    +0.0206 (  +7.8%)  z = +1.13
    10% macro-F1   +0.0372 (  +8.6%)  z = +1.95
    10% PR-AUC5    -0.0073 (  -2.6%)  z = -0.40
    25% macro-F1   +0.0490 ( +10.6%)  z = +4.54
    25% PR-AUC5    +0.0676 ( +21.4%)  z = +3.17
   100% macro-F1   +0.0341 (  +6.4%)  z = +3.67
   100% PR-AUC5    +0.0493 ( +11.7%)  z = +3.27

Risultati in ./runs\fewshot_vit_small.json
----------------------------------------------------------------------
durata     : 31.8 min
letture    : 934
picco      : 84 W   (tetto 95)
temp max   : 78 C
clock max  : 1500 MHz
registro   : runs\consumi_20260828_155102.csv

Picco a 11 W dal tetto: la taratura va bene cosi'.
