tetto      : 95 W, 86 C
a riposo   : 24 W, 62 C, clock 1500 MHz
registro   : runs\consumi_20260828_154431.csv
comando    : .venv\Scripts\python.exe exp_fixedk.py --tag _casuale _geo_finale --protocolli P1_bbox P3_K16 --head mil --split test --esito runs\catena/fixedk_mil_test.json
----------------------------------------------------------------------
[freno] Freno(carico=100%, run 1.00x piu' lungo)
testa mil, metodo none, 5 seed, misure su TEST
cambia SOLO la maschera: stesso crop, stessi token, stessa architettura

protocollo              token                   _casuale                _geo_finale   divario
----------------------------------------------------------------------------------------------
P1_bbox                    29    0.7851+-0.0050 (0.8865)    0.7570+-0.0097 (0.8462)   -0.0282
P3_K16                     16    0.4014+-0.0375 (0.3365)    0.5171+-0.0134 (0.4145)   +0.1158

==============================================================================
LA PREVISIONE: il casuale crolla, I-JEPA tiene
==============================================================================
  P1_bbox                I-JEPA - casuale -0.0282 (z = -5.76)   il casuale rispetto a P1: +0.0000
  P3_K16                 I-JEPA - casuale +0.1158 (z = +6.49)   il casuale rispetto a P1: -0.3838

Risultati in runs\catena/fixedk_mil_test.json
----------------------------------------------------------------------
durata     : 6.5 min
letture    : 190
picco      : 88 W   (tetto 95)
temp max   : 72 C
clock max  : 1500 MHz
registro   : runs\consumi_20260828_154431.csv

Picco a 7 W dal tetto: la taratura va bene cosi'.
