tetto      : 95 W, 86 C
a riposo   : 13 W, 59 C, clock 210 MHz
registro   : runs\consumi_20260828_135920.csv
comando    : .venv\Scripts\python.exe exp_fixedk.py --tag _casuale _geo_finale --protocolli P1_bbox P2b_griglia_fissa P3_K16 P3_K36 P3_K64 --head flat --split test --esito runs\catena/fixedk_flat_test.json
----------------------------------------------------------------------
[freno] Freno(carico=100%, run 1.00x piu' lungo)
testa flat, metodo none, 5 seed, misure su TEST
cambia SOLO la maschera: stesso crop, stessi token, stessa architettura

protocollo              token                   _casuale                _geo_finale   divario
----------------------------------------------------------------------------------------------
P1_bbox                    29    0.7705+-0.0111 (0.8758)    0.7663+-0.0082 (0.8785)   -0.0041
P2b_griglia_fissa          36    0.5192+-0.0136 (0.3621)    0.5146+-0.0064 (0.3792)   -0.0046
P3_K16                     16    0.5187+-0.0306 (0.3861)    0.5689+-0.0189 (0.4713)   +0.0502
P3_K36                     36    0.5032+-0.0245 (0.3823)    0.5733+-0.0121 (0.5031)   +0.0701
P3_K64                     64    0.5104+-0.0232 (0.3740)    0.5626+-0.0211 (0.4553)   +0.0522

==============================================================================
LA PREVISIONE: il casuale crolla, I-JEPA tiene
==============================================================================
  P1_bbox                I-JEPA - casuale -0.0041 (z = -0.67)   il casuale rispetto a P1: +0.0000
  P2b_griglia_fissa      I-JEPA - casuale -0.0046 (z = -0.69)   il casuale rispetto a P1: -0.2513
  P3_K16                 I-JEPA - casuale +0.0502 (z = +3.12)   il casuale rispetto a P1: -0.2518
  P3_K36                 I-JEPA - casuale +0.0701 (z = +5.73)   il casuale rispetto a P1: -0.2673
  P3_K64                 I-JEPA - casuale +0.0522 (z = +3.72)   il casuale rispetto a P1: -0.2601

Risultati in runs\catena/fixedk_flat_test.json
----------------------------------------------------------------------
durata     : 105.2 min
letture    : 3086
picco      : 85 W   (tetto 95)
temp max   : 76 C
clock max  : 1500 MHz
registro   : runs\consumi_20260828_135920.csv

Picco a 10 W dal tetto: la taratura va bene cosi'.
