tetto      : 95 W, 86 C
a riposo   : 24 W, 62 C, clock 1500 MHz
registro   : runs\consumi_20260828_192601.csv
comando    : .venv\Scripts\python.exe exp_mascheramento.py --tag _casuale _geo_finale
----------------------------------------------------------------------
LA MASCHERA DA SOLA, one-hot, nessun pixel: macro-F1 0.7708

protocollo                     token    _casuale _geo_finale   divario
----------------------------------------------------------------------
P1_bbox                           29      0.7638      0.4451   -0.3187
P2a_casuale_K36                   36      0.2810      0.3086   +0.0276
P2b_griglia_fissa                 36      0.2916      0.2941   +0.0025
P2c_centrale_fisso                36      0.3666      0.3083   -0.0583
P2d_conteggio_scorrelato          29      0.3361      0.3498   +0.0137
P3_K9                              9      0.3708      0.3648   -0.0059
P3_K16                            16      0.3902      0.3635   -0.0268
P3_K36                            36      0.3817      0.3196   -0.0621
P3_K64                            64      0.3012      0.2913   -0.0099
P3_K100                          100      0.2781      0.2945   +0.0163

Risultati in ./runs\mascheramento_vit_small.json
----------------------------------------------------------------------
durata     : 1.9 min
letture    : 46
picco      : 24 W   (tetto 95)
temp max   : 62 C
clock max  : 1500 MHz
registro   : runs\consumi_20260828_192601.csv

71 W di margine sotto il tetto. C'e' spazio per
alzare il clock e finire prima:
    .\limiti_hw.ps1 -Clock 1800      (da amministratore)
